Doing a dry run for new stack 'test-stack' to region ap-southeast-2 of account 111111111111
