Deploying new stack 'my-new-stack' to region us-east-1 of account production (123456789012)
