Key: ApiEndpoint
Value: https://api.example.com
Description: The API endpoint URL

