Updating stack 'existing-stack' in region eu-west-1 of account 987654321098
