+---------------------------------------------------+
| All exports in account 123456789012 for region us |
| -east-1                                           |
+--------+-------------+--------+--------+----------+
| EXPORT | DESCRIPTION |  STACK |  VALUE | IMPORTED |
+--------+-------------+--------+--------+----------+
+--------+-------------+--------+--------+----------+
