[{"Description":"Database connection endpoint","Export":"my-db-endpoint","Imported":"Yes","Imported By":"api-stack","Stack":"database-stack","Value":"db.example.com:5432"},{"Description":"Public subnet ID","Export":"my-subnet-id","Imported":"No","Imported By":"","Stack":"vpc-stack","Value":"subnet-87654321"},{"Description":"The VPC ID for the network","Export":"my-vpc-id","Imported":"Yes","Imported By":"web-stack\r\napi-stack","Stack":"vpc-stack","Value":"vpc-12345678"}]